{"ts": "2026-08-06T20:13:47", "date": "2026-08-17", "week": 1, "weekday": "Mon", "block_id": "48924c32d2f1", "name": "Review lecture copies -> flag 3 unclear -> Master Error Log"}
{"ts": "2026-08-06T20:14:28", "date": "2026-08-17", "week": 1, "weekday": "Mon", "block_id": "48924c32d2f1", "name": "Review lecture copies -> flag 3 unclear -> Master Error Log"}
{"ts": "2026-08-06T20:14:54", "date": "2026-08-17", "week": 1, "weekday": "Mon", "block_id": "5534397e5d0e", "name": "Deep study A (fear-killer pack + bundled books)"}
{"ts": "2026-08-06T20:15:01", "date": "2026-08-17", "week": 1, "weekday": "Mon", "block_id": "9e37ace7d0bf", "name": "Same-problem drill A (one type until speed target)"}
{"ts": "2026-08-06T20:16:22", "date": "2026-08-17", "week": 1, "weekday": "Mon", "block_id": "48924c32d2f1", "name": "Review lecture copies -> flag 3 unclear -> Master Error Log"}
{"ts": "2026-08-06T20:16:40", "date": "2026-08-17", "week": 1, "weekday": "Mon", "block_id": "5534397e5d0e", "name": "Deep study A (fear-killer pack + bundled books)"}
{"ts": "2026-08-06T20:16:50", "date": "2026-08-17", "week": 1, "weekday": "Mon", "block_id": "48924c32d2f1", "name": "Review lecture copies -> flag 3 unclear -> Master Error Log"}
{"ts": "2026-08-06T20:16:56", "date": "2026-08-17", "week": 1, "weekday": "Mon", "block_id": "9e37ace7d0bf", "name": "Same-problem drill A (one type until speed target)"}
{"ts": "2026-08-06T20:24:43", "date": "2026-08-17", "week": 1, "weekday": "Mon", "block_id": "5534397e5d0e", "name": "Deep study A (fear-killer pack + bundled books)"}
{"ts": "2026-08-06T20:24:50", "date": "2026-08-17", "week": 1, "weekday": "Mon", "block_id": "9e37ace7d0bf", "name": "Same-problem drill A (one type until speed target)"}
{"ts": "2026-08-06T21:10:16", "date": "2026-08-17", "week": 1, "weekday": "Mon", "block_id": "48924c32d2f1", "name": "Review lecture copies -> flag 3 unclear -> Master Error Log"}
{"ts": "2026-08-06T21:13:01", "date": "2026-08-17", "week": 1, "weekday": "Mon", "block_id": "79f2fbbe9afa", "name": "Blank-page retrieval of today's content"}
{"ts": "2026-08-06T21:17:52", "date": "2026-08-17", "week": 1, "weekday": "Mon", "block_id": "5534397e5d0e", "name": "Deep study A (fear-killer pack + bundled books)"}
{"ts": "2026-08-06T21:38:04", "date": "2026-08-17", "week": 1, "weekday": "Mon", "block_id": "9e37ace7d0bf", "name": "Same-problem drill A (one type until speed target)"}
{"ts": "2026-08-06T21:38:09", "date": "2026-08-17", "week": 1, "weekday": "Mon", "block_id": "48924c32d2f1", "name": "Review lecture copies -> flag 3 unclear -> Master Error Log"}
{"ts": "2026-08-06T21:38:12", "date": "2026-08-17", "week": 1, "weekday": "Mon", "block_id": "c4c653ac5d17", "name": "Power nap"}
{"ts": "2026-08-06T21:38:12", "date": "2026-08-17", "week": 1, "weekday": "Mon", "block_id": "74e6cb5f76c5", "name": "Interleaved retrieval (topics from 1/2/4 weeks ago)"}
{"ts": "2026-08-06T21:38:13", "date": "2026-08-17", "week": 1, "weekday": "Mon", "block_id": "79f2fbbe9afa", "name": "Blank-page retrieval of today's content"}
{"ts": "2026-08-06T21:38:13", "date": "2026-08-17", "week": 1, "weekday": "Mon", "block_id": "bccce32dfce9", "name": "Deep study B (fear-killer pack, second course)"}
{"ts": "2026-08-06T21:38:14", "date": "2026-08-17", "week": 1, "weekday": "Mon", "block_id": "5534397e5d0e", "name": "Deep study A (fear-killer pack + bundled books)"}
{"ts": "2026-08-06T21:38:14", "date": "2026-08-17", "week": 1, "weekday": "Mon", "block_id": "ef51227fc207", "name": "Buffer + plan tomorrow"}
{"ts": "2026-08-06T22:20:27", "date": "2026-08-17", "week": 1, "weekday": "Mon", "block_id": "48924c32d2f1", "name": "Review lecture copies -> flag 3 unclear -> Master Error Log"}
{"ts": "2026-08-06T22:35:40", "date": "2026-08-17", "week": 1, "weekday": "Mon", "block_id": "48924c32d2f1", "name": "Review lecture copies -> flag 3 unclear -> Master Error Log"}
